Input file: ./H3oc1.ss
0 errors found in input file
Input file: ./H3oc2.ss
0 errors found in input file
Input file: ./M19.ss
0 errors found in input file
Input file: ./M25.ss
0 errors found in input file
Input file: ./M26.ss
0 errors found in input file
Input file: ./M27.ss
0 errors found in input file
Input file: ./M28.ss
0 errors found in input file
Input file: ./M4.ss
0 errors found in input file
Input file: ./M60.ss
7 errors found in input file
Input file: ./M65.ss
5 errors found in input file
Input file: ./main.ss
6 errors found in input file
Input file: ./N1.ss
0 errors found in input file
Input file: ./N25.ss
0 errors found in input file
Input file: ./N27.ss
0 errors found in input file
Input file: ./N29.ss
0 errors found in input file
Input file: ./N31.ss
0 errors found in input file
Input file: ./N33.ss
0 errors found in input file
Input file: ./N35.ss
0 errors found in input file
Input file: ./N37.ss
0 errors found in input file
Input file: ./N39.ss
0 errors found in input file
Input file: ./N41.ss
0 errors found in input file
Input file: ./N43.ss
0 errors found in input file
Input file: ./N45.ss
0 errors found in input file
Input file: ./N47.ss
0 errors found in input file
Input file: ./N49.ss
0 errors found in input file
Input file: ./N59.ss
4 errors found in input file
Input file: ./N66.ss
4 errors found in input file
Input file: ./N81.ss
4 errors found in input file
Input file: ./P19.ss
0 errors found in input file
Input file: ./P32.ss
3 errors found in input file
Input file: ./P38.ss
0 errors found in input file
Input file: ./P40.ss
0 errors found in input file
Input file: ./P42.ss
0 errors found in input file
Input file: ./P44.ss
0 errors found in input file
Input file: ./P46.ss
0 errors found in input file
Input file: ./P48.ss
0 errors found in input file
Input file: ./P61.ss
0 errors found in input file
Input file: ./P64.ss
0 errors found in input file
Input file: ./Q25.ss
0 errors found in input file
Input file: ./Q26.ss
0 errors found in input file
Input file: ./Q27.ss
0 errors found in input file
Input file: ./Q28.ss
0 errors found in input file
Input file: ./Q29.ss
0 errors found in input file
Input file: ./Q30.ss
0 errors found in input file
Input file: ./Q31.ss
0 errors found in input file
Input file: ./Q32.ss
0 errors found in input file
Input file: ./Q33.ss
0 errors found in input file
Input file: ./Q34.ss
0 errors found in input file
Input file: ./Q35.ss
0 errors found in input file
Input file: ./Q36.ss
0 errors found in input file
Input file: ./Q37.ss
0 errors found in input file
Input file: ./Q38.ss
0 errors found in input file
Input file: ./Q39.ss
0 errors found in input file
Input file: ./Q40.ss
0 errors found in input file
Input file: ./Q41.ss
0 errors found in input file
Input file: ./Q42.ss
0 errors found in input file
Input file: ./Q43.ss
0 errors found in input file
Input file: ./Q44.ss
0 errors found in input file
Input file: ./Q45.ss
0 errors found in input file
Input file: ./Q46.ss
0 errors found in input file
Input file: ./Q4.ss
0 errors found in input file
Input file: ./Q57.ss
0 errors found in input file
Input file: ./Q68.ss
1 errors found in input file
Input file: ./Q79.ss
0 errors found in input file
Input file: ./R24.ss
0 errors found in input file
Input file: ./R26.ss
0 errors found in input file
Input file: ./R28.ss
0 errors found in input file
Input file: ./R30.ss
0 errors found in input file
Input file: ./R32.ss
0 errors found in input file
Input file: ./R34.ss
0 errors found in input file
Input file: ./R36.ss
0 errors found in input file
Input file: ./R38.ss
0 errors found in input file
Input file: ./R40.ss
0 errors found in input file
Input file: ./R42.ss
0 errors found in input file
Input file: ./R44.ss
0 errors found in input file
Input file: ./R46.ss
0 errors found in input file
Input file: ./R48.ss
0 errors found in input file
Input file: ./R76.ss
0 errors found in input file
Input file: ./S19.ss
0 errors found in input file
Input file: ./S1.ss
0 errors found in input file
Input file: ./S25.ss
0 errors found in input file
Input file: ./S27.ss
0 errors found in input file
Input file: ./S29.ss
0 errors found in input file
Input file: ./S31.ss
0 errors found in input file
Input file: ./S33.ss
0 errors found in input file
Input file: ./S35.ss
0 errors found in input file
Input file: ./S37.ss
0 errors found in input file
Input file: ./S39.ss
0 errors found in input file
Input file: ./S41.ss
0 errors found in input file
Input file: ./S43.ss
0 errors found in input file
Input file: ./S45.ss
0 errors found in input file
Input file: ./S47.ss
0 errors found in input file
Input file: ./S49.ss
0 errors found in input file
Input file: ./S74.ss
0 errors found in input file
Input file: ./T24.ss
0 errors found in input file
Input file: ./T26.ss
0 errors found in input file
Input file: ./T28.ss
0 errors found in input file
Input file: ./T30.ss
0 errors found in input file
Input file: ./T32.ss
0 errors found in input file
Input file: ./T34.ss
0 errors found in input file
Input file: ./T36.ss
0 errors found in input file
Input file: ./T38.ss
0 errors found in input file
Input file: ./T40.ss
0 errors found in input file
Input file: ./T42.ss
0 errors found in input file
Input file: ./T44.ss
0 errors found in input file
Input file: ./T46.ss
0 errors found in input file
Input file: ./T48.ss
0 errors found in input file
Input file: ./T53.ss
0 errors found in input file
Input file: ./T72.ss
0 errors found in input file
Input file: ./T75.ss
0 errors found in input file
Input file: ./U25.ss
0 errors found in input file
Input file: ./U27.ss
0 errors found in input file
Input file: ./U29.ss
0 errors found in input file
Input file: ./U31.ss
0 errors found in input file
Input file: ./U33.ss
0 errors found in input file
Input file: ./U35.ss
0 errors found in input file
Input file: ./U37.ss
0 errors found in input file
Input file: ./U39.ss
0 errors found in input file
Input file: ./U41.ss
0 errors found in input file
Input file: ./U43.ss
0 errors found in input file
Input file: ./U45.ss
0 errors found in input file
Input file: ./U47.ss
0 errors found in input file
Input file: ./U49.ss
0 errors found in input file
Input file: ./U55.ss
0 errors found in input file
Input file: ./U70.ss
0 errors found in input file
Input file: ./U77.ss
0 errors found in input file
Input file: ./V1.ss
0 errors found in input file
Input file: ./V24.ss
0 errors found in input file
Input file: ./V25.ss
0 errors found in input file
Input file: ./V26.ss
0 errors found in input file
Input file: ./V27.ss
0 errors found in input file
Input file: ./V28.ss
0 errors found in input file
Input file: ./V29.ss
0 errors found in input file
Input file: ./V2.ss
0 errors found in input file
Input file: ./V30.ss
0 errors found in input file
Input file: ./V41.ss
0 errors found in input file
Input file: ./V78.ss
0 errors found in input file
Input file: ./W25.ss
0 errors found in input file
Input file: ./W27.ss
0 errors found in input file
Input file: ./W29.ss
0 errors found in input file
Input file: ./W31.ss
0 errors found in input file
Input file: ./W33.ss
0 errors found in input file
Input file: ./W35.ss
0 errors found in input file
Input file: ./W37.ss
0 errors found in input file
Input file: ./W39.ss
0 errors found in input file
Input file: ./W41.ss
0 errors found in input file
Input file: ./W43.ss
0 errors found in input file
Input file: ./W45.ss
0 errors found in input file
Input file: ./W47.ss
0 errors found in input file
Input file: ./W49.ss
0 errors found in input file
Input file: ./W80.ss
0 errors found in input file
Input file: ./X10.ss
0 errors found in input file
Input file: ./X11.ss
0 errors found in input file
Input file: ./X12.ss
0 errors found in input file
Input file: ./X13.ss
0 errors found in input file
Input file: ./X14.ss
0 errors found in input file
Input file: ./X15.ss
0 errors found in input file
Input file: ./X16.ss
0 errors found in input file
Input file: ./X17.ss
0 errors found in input file
Input file: ./X19.ss
0 errors found in input file
Input file: ./H3oc1.ss
Input file: ./H3oc2.ss
Input file: ./M19.ss
0 errors found in input file
Input file: ./M25.ss
0 errors found in input file
Input file: ./M26.ss
0 errors found in input file
Input file: ./M27.ss
0 errors found in input file
Input file: ./M28.ss
Input file: ./M4.ss
0 errors found in input file
Input file: ./M60.ss
Input file: ./M65.ss
Input file: ./main.ss
Input file: ./N1.ss
0 errors found in input file
Input file: ./N25.ss
0 errors found in input file
Input file: ./N27.ss
0 errors found in input file
Input file: ./N29.ss
0 errors found in input file
Input file: ./N31.ss
Input file: ./N33.ss
Input file: ./N35.ss
Input file: ./N37.ss
0 errors found in input file
Input file: ./N39.ss
0 errors found in input file
Input file: ./N41.ss
0 errors found in input file
Input file: ./N43.ss
0 errors found in input file
Input file: ./N45.ss
0 errors found in input file
Input file: ./N47.ss
